--루트태그--tag1--tag2--
--루트태그--tag3--tag4--
--루트태그--tag5--tag6--
--루트태그--tag7--tag8--
--루트태그--tag9--tag10--